
Merging program properties

Removed property 0xc0000002 to merge /usr/lib/gcc/x86_64-pc-linux-gnu/15.1.1/../../../../lib/Scrt1.o (0x3) and finite_field.o (not found)
Updated property 0xc0010001 (0x9) to merge /usr/lib/gcc/x86_64-pc-linux-gnu/15.1.1/../../../../lib/Scrt1.o (0x1) and finite_field.o (0x9)
Updated property 0xc0010001 (0x9) to merge /usr/lib/gcc/x86_64-pc-linux-gnu/15.1.1/../../../../lib/Scrt1.o (0x9) and bch_tests.o (0x1)
Updated property 0xc0010001 (0x9) to merge /usr/lib/gcc/x86_64-pc-linux-gnu/15.1.1/../../../../lib/Scrt1.o (0x9) and /usr/lib/gcc/x86_64-pc-linux-gnu/15.1.1/crtendS.o (0x1)
Updated property 0xc0010002 (0x1) to merge /usr/lib/gcc/x86_64-pc-linux-gnu/15.1.1/../../../../lib/Scrt1.o (0x1) and /usr/lib/gcc/x86_64-pc-linux-gnu/15.1.1/crtendS.o (0x0)
Removed property 0xc0000002 to merge /usr/lib/gcc/x86_64-pc-linux-gnu/15.1.1/../../../../lib/Scrt1.o (not found) and /usr/lib/gcc/x86_64-pc-linux-gnu/15.1.1/crtendS.o (0x3)
Updated property 0xc0010001 (0x9) to merge /usr/lib/gcc/x86_64-pc-linux-gnu/15.1.1/../../../../lib/Scrt1.o (0x9) and /usr/lib/gcc/x86_64-pc-linux-gnu/15.1.1/../../../../lib/crtn.o (0x1)
Removed property 0xc0000002 to merge /usr/lib/gcc/x86_64-pc-linux-gnu/15.1.1/../../../../lib/Scrt1.o (not found) and /usr/lib/gcc/x86_64-pc-linux-gnu/15.1.1/../../../../lib/crtn.o (0x3)

Discarded input sections

 .gnu_debuglink
                0x0000000000000000       0x14 /usr/lib/gcc/x86_64-pc-linux-gnu/15.1.1/../../../../lib/Scrt1.o
 .note.gnu.property
                0x0000000000000000       0x50 /usr/lib/gcc/x86_64-pc-linux-gnu/15.1.1/../../../../lib/crti.o
 .gnu_debuglink
                0x0000000000000000       0x14 /usr/lib/gcc/x86_64-pc-linux-gnu/15.1.1/../../../../lib/crti.o
 .note.gnu.property
                0x0000000000000000       0x50 /usr/lib/gcc/x86_64-pc-linux-gnu/15.1.1/crtbeginS.o
 .gnu_debuglink
                0x0000000000000000       0x18 /usr/lib/gcc/x86_64-pc-linux-gnu/15.1.1/crtbeginS.o
 .note.gnu.property
                0x0000000000000000       0x30 finite_field.o
 .note.gnu.property
                0x0000000000000000       0x30 polynomials.o
 .note.gnu.property
                0x0000000000000000       0x30 bch_encode.o
 .note.gnu.property
                0x0000000000000000       0x30 bch_tests.o
 .note.gnu.property
                0x0000000000000000       0x30 main.o
 .note.gnu.property
                0x0000000000000000       0x50 /usr/lib/gcc/x86_64-pc-linux-gnu/15.1.1/crtendS.o
 .gnu_debuglink
                0x0000000000000000       0x14 /usr/lib/gcc/x86_64-pc-linux-gnu/15.1.1/crtendS.o
 .note.gnu.property
                0x0000000000000000       0x50 /usr/lib/gcc/x86_64-pc-linux-gnu/15.1.1/../../../../lib/crtn.o
 .gnu_debuglink
                0x0000000000000000       0x14 /usr/lib/gcc/x86_64-pc-linux-gnu/15.1.1/../../../../lib/crtn.o

Memory Configuration

Name             Origin             Length             Attributes
*default*        0x0000000000000000 0xffffffffffffffff

Linker script and memory map

LOAD /usr/lib/gcc/x86_64-pc-linux-gnu/15.1.1/../../../../lib/Scrt1.o
LOAD /usr/lib/gcc/x86_64-pc-linux-gnu/15.1.1/../../../../lib/crti.o
LOAD /usr/lib/gcc/x86_64-pc-linux-gnu/15.1.1/crtbeginS.o
LOAD finite_field.o
LOAD polynomials.o
LOAD bch_encode.o
LOAD bch_tests.o
LOAD main.o
LOAD /usr/lib/gcc/x86_64-pc-linux-gnu/15.1.1/../../../../lib/libm.so
START GROUP
LOAD /usr/lib/libm.so.6
LOAD /usr/lib/libmvec.so.1
END GROUP
LOAD /usr/lib/gcc/x86_64-pc-linux-gnu/15.1.1/libgcc.a
LOAD /usr/lib/gcc/x86_64-pc-linux-gnu/15.1.1/../../../../lib/libgcc_s.so
START GROUP
LOAD /usr/lib/gcc/x86_64-pc-linux-gnu/15.1.1/../../../../lib/libgcc_s.so.1
LOAD /usr/lib/gcc/x86_64-pc-linux-gnu/15.1.1/libgcc.a
END GROUP
LOAD /usr/lib/gcc/x86_64-pc-linux-gnu/15.1.1/../../../../lib/libc.so
START GROUP
LOAD /usr/lib/libc.so.6
LOAD /usr/lib/libc_nonshared.a
LOAD /usr/lib/ld-linux-x86-64.so.2
END GROUP
LOAD /usr/lib/gcc/x86_64-pc-linux-gnu/15.1.1/libgcc.a
LOAD /usr/lib/gcc/x86_64-pc-linux-gnu/15.1.1/../../../../lib/libgcc_s.so
START GROUP
LOAD /usr/lib/gcc/x86_64-pc-linux-gnu/15.1.1/../../../../lib/libgcc_s.so.1
LOAD /usr/lib/gcc/x86_64-pc-linux-gnu/15.1.1/libgcc.a
END GROUP
LOAD /usr/lib/gcc/x86_64-pc-linux-gnu/15.1.1/crtendS.o
LOAD /usr/lib/gcc/x86_64-pc-linux-gnu/15.1.1/../../../../lib/crtn.o
                [!provide]                        PROVIDE (__executable_start = SEGMENT_START ("text-segment", 0x0))
                0x0000000000000350                . = (SEGMENT_START ("text-segment", 0x0) + SIZEOF_HEADERS)

.note.gnu.property
                0x0000000000000350       0x40
 .note.gnu.property
                0x0000000000000350       0x40 /usr/lib/gcc/x86_64-pc-linux-gnu/15.1.1/../../../../lib/Scrt1.o

.note.gnu.build-id
                0x0000000000000390       0x24
 *(.note.gnu.build-id)
 .note.gnu.build-id
                0x0000000000000390       0x24 /usr/lib/gcc/x86_64-pc-linux-gnu/15.1.1/../../../../lib/Scrt1.o

.interp         0x00000000000003b4       0x1c
 *(.interp)
 .interp        0x00000000000003b4       0x1c /usr/lib/gcc/x86_64-pc-linux-gnu/15.1.1/../../../../lib/Scrt1.o

.hash
 *(.hash)

.gnu.hash       0x00000000000003d0       0x1c
 *(.gnu.hash)
 .gnu.hash      0x00000000000003d0       0x1c /usr/lib/gcc/x86_64-pc-linux-gnu/15.1.1/../../../../lib/Scrt1.o

.dynsym         0x00000000000003f0      0x240
 *(.dynsym)
 .dynsym        0x00000000000003f0      0x240 /usr/lib/gcc/x86_64-pc-linux-gnu/15.1.1/../../../../lib/Scrt1.o

.dynstr         0x0000000000000630      0x145
 *(.dynstr)
 .dynstr        0x0000000000000630      0x145 /usr/lib/gcc/x86_64-pc-linux-gnu/15.1.1/../../../../lib/Scrt1.o

.gnu.version    0x0000000000000776       0x30
 *(.gnu.version)
 .gnu.version   0x0000000000000776       0x30 /usr/lib/gcc/x86_64-pc-linux-gnu/15.1.1/../../../../lib/Scrt1.o

.gnu.version_d  0x00000000000007a8        0x0
 *(.gnu.version_d)
 .gnu.version_d
                0x00000000000007a8        0x0 /usr/lib/gcc/x86_64-pc-linux-gnu/15.1.1/../../../../lib/Scrt1.o

.gnu.version_r  0x00000000000007a8       0x90
 *(.gnu.version_r)
 .gnu.version_r
                0x00000000000007a8       0x90 /usr/lib/gcc/x86_64-pc-linux-gnu/15.1.1/../../../../lib/Scrt1.o

.rela.dyn       0x0000000000000838       0xc0
 *(.rela.init)
 *(.rela.text .rela.text.* .rela.gnu.linkonce.t.*)
 *(.rela.fini)
 *(.rela.rodata .rela.rodata.* .rela.gnu.linkonce.r.*)
 *(.rela.data .rela.data.* .rela.gnu.linkonce.d.*)
 .rela.data.rel.ro
                0x0000000000000838        0x0 /usr/lib/gcc/x86_64-pc-linux-gnu/15.1.1/../../../../lib/Scrt1.o
 .rela.data.rel.local
                0x0000000000000838       0x18 /usr/lib/gcc/x86_64-pc-linux-gnu/15.1.1/../../../../lib/Scrt1.o
 *(.rela.tdata .rela.tdata.* .rela.gnu.linkonce.td.*)
 *(.rela.tbss .rela.tbss.* .rela.gnu.linkonce.tb.*)
 *(.rela.ctors)
 *(.rela.dtors)
 *(.rela.got)
 .rela.got      0x0000000000000850       0x78 /usr/lib/gcc/x86_64-pc-linux-gnu/15.1.1/../../../../lib/Scrt1.o
 *(.rela.bss .rela.bss.* .rela.gnu.linkonce.b.*)
 .rela.bss      0x00000000000008c8        0x0 /usr/lib/gcc/x86_64-pc-linux-gnu/15.1.1/../../../../lib/Scrt1.o
 *(.rela.ldata .rela.ldata.* .rela.gnu.linkonce.l.*)
 *(.rela.lbss .rela.lbss.* .rela.gnu.linkonce.lb.*)
 *(.rela.lrodata .rela.lrodata.* .rela.gnu.linkonce.lr.*)
 *(.rela.ifunc)
 .rela.ifunc    0x00000000000008c8        0x0 /usr/lib/gcc/x86_64-pc-linux-gnu/15.1.1/../../../../lib/Scrt1.o
 .rela.fini_array
                0x00000000000008c8       0x18 /usr/lib/gcc/x86_64-pc-linux-gnu/15.1.1/../../../../lib/Scrt1.o
 .rela.init_array
                0x00000000000008e0       0x18 /usr/lib/gcc/x86_64-pc-linux-gnu/15.1.1/../../../../lib/Scrt1.o

.rela.plt       0x00000000000008f8      0x1b0
 *(.rela.plt)
 .rela.plt      0x00000000000008f8      0x1b0 /usr/lib/gcc/x86_64-pc-linux-gnu/15.1.1/../../../../lib/Scrt1.o
 *(.rela.iplt)

.relr.dyn
 *(.relr.dyn)
                0x0000000000001000                . = ALIGN (CONSTANT (MAXPAGESIZE))

.init           0x0000000000001000       0x1b
 *(SORT_NONE(.init))
 .init          0x0000000000001000       0x16 /usr/lib/gcc/x86_64-pc-linux-gnu/15.1.1/../../../../lib/crti.o
                0x0000000000001000                _init
 .init          0x0000000000001016        0x5 /usr/lib/gcc/x86_64-pc-linux-gnu/15.1.1/../../../../lib/crtn.o

.plt            0x0000000000001020      0x130
 *(.plt)
 .plt           0x0000000000001020      0x130 /usr/lib/gcc/x86_64-pc-linux-gnu/15.1.1/../../../../lib/Scrt1.o
                0x0000000000001030                free@@GLIBC_2.2.5
                0x0000000000001040                putchar@@GLIBC_2.2.5
                0x0000000000001050                __isoc23_fscanf@@GLIBC_2.38
                0x0000000000001060                puts@@GLIBC_2.2.5
                0x0000000000001070                pow@@GLIBC_2.29
                0x0000000000001080                clock@@GLIBC_2.2.5
                0x0000000000001090                fclose@@GLIBC_2.2.5
                0x00000000000010a0                __stack_chk_fail@@GLIBC_2.4
                0x00000000000010b0                printf@@GLIBC_2.2.5
                0x00000000000010c0                memset@@GLIBC_2.2.5
                0x00000000000010d0                calloc@@GLIBC_2.2.5
                0x00000000000010e0                strcmp@@GLIBC_2.2.5
                0x00000000000010f0                memcpy@@GLIBC_2.14
                0x0000000000001100                malloc@@GLIBC_2.2.5
                0x0000000000001110                fopen@@GLIBC_2.2.5
                0x0000000000001120                getrusage@@GLIBC_2.2.5
                0x0000000000001130                sqrt@@GLIBC_2.2.5
                0x0000000000001140                rand@@GLIBC_2.2.5
 *(.iplt)

.plt.got        0x0000000000001150        0x0
 *(.plt.got)
 .plt.got       0x0000000000001150        0x0 /usr/lib/gcc/x86_64-pc-linux-gnu/15.1.1/../../../../lib/Scrt1.o

.plt.sec
 *(.plt.sec)

.text           0x0000000000001150     0x5330
 *(.text.unlikely .text.*_unlikely .text.unlikely.*)
 *(.text.exit .text.exit.*)
 *(.text.startup .text.startup.*)
 *(.text.hot .text.hot.*)
 *(SORT_BY_NAME(.text.sorted.*))
 *(.text .stub .text.* .gnu.linkonce.t.*)
 .text          0x0000000000001150       0x26 /usr/lib/gcc/x86_64-pc-linux-gnu/15.1.1/../../../../lib/Scrt1.o
                0x0000000000001150                _start
 .text          0x0000000000001176        0x0 /usr/lib/gcc/x86_64-pc-linux-gnu/15.1.1/../../../../lib/crti.o
 *fill*         0x0000000000001176        0xa 
 .text          0x0000000000001180       0xc9 /usr/lib/gcc/x86_64-pc-linux-gnu/15.1.1/crtbeginS.o
 .text          0x0000000000001249     0x100f finite_field.o
                0x0000000000001249                add_in_field
                0x00000000000014ea                multiply_in_field
                0x0000000000001733                find_primitive_in_power
                0x00000000000018ad                construct_inverse_element_add
                0x0000000000001a57                get_primitive_polynomial
                0x0000000000001b3e                construct_gf_p_m
                0x0000000000001cb6                check_if_irreducible
                0x0000000000001e0b                get_polynomial_for_irreducible
                0x0000000000001e91                check_if_primitive
                0x0000000000002038                find_prime_divisors
 .text          0x0000000000002258     0x131b polynomials.o
                0x0000000000002258                generate_cosets_from_n_needed_elements
                0x00000000000024c0                free_cosets_struct
                0x0000000000002523                free_extended_polynomial
                0x000000000000254e                print_extended_polynomial
                0x00000000000025ad                copy_extended_polynomial
                0x00000000000025ff                add_two_extended_polynomials
                0x0000000000002684                multiply_two_extended_polynomials
                0x000000000000287b                construct_minimal_polynomial_from_coset
                0x0000000000002a27                extended_polynomial_to_polynomial
                0x0000000000002a90                construct_generator_polynomial
                0x0000000000002bc5                find_inverse_by_add_for_polynomial
                0x0000000000002c33                difference_of_two_polynomials
                0x0000000000002cbc                divide_polynomials_with_remainder
                0x0000000000002e17                find_value_from_root
                0x0000000000002e9d                equal_polynomials
                0x0000000000002f12                extended_euclidean_algorithm
                0x000000000000320b                construct_inverse_element_multiply
                0x00000000000032e5                construct_polynomial_from_field_element
                0x000000000000337f                get_field_el_from_polynomial
                0x00000000000034be                multiply_polynomial_by_element
                0x0000000000003530                get_degree
 .text          0x0000000000003573     0x11fb bch_encode.o
                0x0000000000003573                encode_bch
                0x00000000000036e7                decode_bch
                0x00000000000038d1                calculate_syndrome
                0x0000000000003995                construct_locator_polynomial
                0x0000000000003d0d                chien_search
                0x0000000000003df7                fix_errors_in_bch_binary
                0x0000000000003e94                init_bch
                0x0000000000004035                free_bch_code
                0x000000000000405f                bch_encode_arr
                0x00000000000043cd                bch_decode_arr
 .text          0x000000000000476e     0x1211 bch_tests.o
                0x000000000000476e                run_tests
                0x00000000000047bf                temp_tests
                0x000000000000482a                test_in_characteristics_2_first
                0x0000000000004980                test_in_characteristics_2_second
                0x0000000000004ad6                test_in_characteristics_2_third
                0x0000000000004c2c                temp_test1
                0x0000000000004e1b                temp_test2
                0x0000000000004e96                temp_test3
                0x0000000000004f01                encode_test1
                0x00000000000050d6                syndrom_test
                0x000000000000535a                inverse_test
                0x00000000000053f0                locator_test
                0x0000000000005532                chien_test
                0x0000000000005769                decode_test
 .text          0x000000000000597f      0xb01 main.o
                0x000000000000597f                put_error
                0x0000000000005b4c                prepare_arr
                0x0000000000005c93                main
 .text          0x0000000000006480        0x0 /usr/lib/gcc/x86_64-pc-linux-gnu/15.1.1/crtendS.o
 .text          0x0000000000006480        0x0 /usr/lib/gcc/x86_64-pc-linux-gnu/15.1.1/../../../../lib/crtn.o
 *(.gnu.warning)

.fini           0x0000000000006480        0xd
 *(SORT_NONE(.fini))
 .fini          0x0000000000006480        0x8 /usr/lib/gcc/x86_64-pc-linux-gnu/15.1.1/../../../../lib/crti.o
                0x0000000000006480                _fini
 .fini          0x0000000000006488        0x5 /usr/lib/gcc/x86_64-pc-linux-gnu/15.1.1/../../../../lib/crtn.o
                [!provide]                        PROVIDE (__etext = .)
                [!provide]                        PROVIDE (_etext = .)
                [!provide]                        PROVIDE (etext = .)
                0x0000000000007000                . = ALIGN (CONSTANT (MAXPAGESIZE))
                0x0000000000007000                . = SEGMENT_START ("rodata-segment", (ALIGN (CONSTANT (MAXPAGESIZE)) + (. & (CONSTANT (MAXPAGESIZE) - 0x1))))

.rodata         0x0000000000007000      0x2f0
 *(.rodata .rodata.* .gnu.linkonce.r.*)
 .rodata.cst4   0x0000000000007000        0x4 /usr/lib/gcc/x86_64-pc-linux-gnu/15.1.1/../../../../lib/Scrt1.o
                0x0000000000007000                _IO_stdin_used
 *fill*         0x0000000000007004        0x4 
 .rodata        0x0000000000007008        0x8 finite_field.o
 .rodata        0x0000000000007010       0x18 polynomials.o
 .rodata        0x0000000000007028       0x28 bch_encode.o
 .rodata        0x0000000000007050      0x149 bch_tests.o
 *fill*         0x0000000000007199        0x7 
 .rodata        0x00000000000071a0      0x150 main.o

.rodata1
 *(.rodata1)

.eh_frame_hdr   0x00000000000072f0      0x1fc
 *(.eh_frame_hdr)
 .eh_frame_hdr  0x00000000000072f0      0x1fc /usr/lib/gcc/x86_64-pc-linux-gnu/15.1.1/../../../../lib/Scrt1.o
                0x00000000000072f0                __GNU_EH_FRAME_HDR
 *(.eh_frame_entry .eh_frame_entry.*)

.eh_frame       0x00000000000074f0      0x820
 *(.eh_frame)
 .eh_frame      0x00000000000074f0       0x30 /usr/lib/gcc/x86_64-pc-linux-gnu/15.1.1/../../../../lib/Scrt1.o
                                         0x2c (size before relaxing)
 *fill*         0x0000000000007520        0x0 
 .eh_frame      0x0000000000007520       0x28 /usr/lib/gcc/x86_64-pc-linux-gnu/15.1.1/../../../../lib/Scrt1.o
                                         0x40 (size before relaxing)
 .eh_frame      0x0000000000007548        0x0 /usr/lib/gcc/x86_64-pc-linux-gnu/15.1.1/../../../../lib/Scrt1.o
 .eh_frame      0x0000000000007548      0x148 finite_field.o
                                        0x160 (size before relaxing)
 .eh_frame      0x0000000000007690      0x2c0 polynomials.o
                                        0x2d8 (size before relaxing)
 .eh_frame      0x0000000000007950      0x150 bch_encode.o
                                        0x168 (size before relaxing)
 .eh_frame      0x0000000000007aa0      0x1c8 bch_tests.o
                                        0x1e0 (size before relaxing)
 .eh_frame      0x0000000000007c68       0xa4 main.o
                                         0xc0 (size before relaxing)
 .eh_frame      0x0000000000007d0c        0x4 /usr/lib/gcc/x86_64-pc-linux-gnu/15.1.1/crtendS.o
 *(.eh_frame.*)

.sframe         0x0000000000007d10        0x0
 *(.sframe)
 .sframe        0x0000000000007d10        0x0 /usr/lib/gcc/x86_64-pc-linux-gnu/15.1.1/../../../../lib/Scrt1.o
 .sframe        0x0000000000007d10        0x0 /usr/lib/gcc/x86_64-pc-linux-gnu/15.1.1/../../../../lib/Scrt1.o
 *(.sframe.*)

.gcc_except_table
 *(.gcc_except_table .gcc_except_table.*)

.gnu_extab
 *(.gnu_extab*)

.exception_ranges
 *(.exception_ranges*)

.note.build-id
 *(.note.build-id)

.note.GNU-stack
                0x0000000000007d10        0x0
 *(.note.GNU-stack)
 .note.GNU-stack
                0x0000000000007d10        0x0 /usr/lib/gcc/x86_64-pc-linux-gnu/15.1.1/../../../../lib/Scrt1.o
 .note.GNU-stack
                0x0000000000007d10        0x0 /usr/lib/gcc/x86_64-pc-linux-gnu/15.1.1/../../../../lib/crti.o
 .note.GNU-stack
                0x0000000000007d10        0x0 /usr/lib/gcc/x86_64-pc-linux-gnu/15.1.1/crtbeginS.o
 .note.GNU-stack
                0x0000000000007d10        0x0 finite_field.o
 .note.GNU-stack
                0x0000000000007d10        0x0 polynomials.o
 .note.GNU-stack
                0x0000000000007d10        0x0 bch_encode.o
 .note.GNU-stack
                0x0000000000007d10        0x0 bch_tests.o
 .note.GNU-stack
                0x0000000000007d10        0x0 main.o
 .note.GNU-stack
                0x0000000000007d10        0x0 /usr/lib/gcc/x86_64-pc-linux-gnu/15.1.1/crtendS.o
 .note.GNU-stack
                0x0000000000007d10        0x0 /usr/lib/gcc/x86_64-pc-linux-gnu/15.1.1/../../../../lib/crtn.o

.note.gnu-property
 *(.note.gnu-property)

.note.ABI-tag   0x0000000000007d10       0x20
 *(.note.ABI-tag)
 .note.ABI-tag  0x0000000000007d10       0x20 /usr/lib/gcc/x86_64-pc-linux-gnu/15.1.1/../../../../lib/Scrt1.o

.note.package
 *(.note.package)

.note.dlopen
 *(.note.dlopen)

.note.netbsd.ident
 *(.note.netbsd.ident)

.note.openbsd.ident
 *(.note.openbsd.ident)
                0x0000000000008dc0                . = DATA_SEGMENT_ALIGN (CONSTANT (MAXPAGESIZE), CONSTANT (COMMONPAGESIZE))

.eh_frame
 *(.eh_frame)
 *(.eh_frame.*)

.sframe
 *(.sframe)
 *(.sframe.*)

.gnu_extab
 *(.gnu_extab)

.gcc_except_table
 *(.gcc_except_table .gcc_except_table.*)

.exception_ranges
 *(.exception_ranges*)

.tdata          0x0000000000008dc0        0x0
                [!provide]                        PROVIDE (__tdata_start = .)
 *(.tdata .tdata.* .gnu.linkonce.td.*)

.tbss
 *(.tbss .tbss.* .gnu.linkonce.tb.*)
 *(.tcommon)

.preinit_array  0x0000000000008dc0        0x0
                [!provide]                        PROVIDE (__preinit_array_start = .)
 *(.preinit_array)
                [!provide]                        PROVIDE (__preinit_array_end = .)

.init_array     0x0000000000008dc0        0x8
                [!provide]                        PROVIDE (__init_array_start = .)
 *(SORT_BY_INIT_PRIORITY(.init_array.*) SORT_BY_INIT_PRIORITY(.ctors.*))
 *(.init_array EXCLUDE_FILE(*crtend?.o *crtend.o *crtbegin?.o *crtbegin.o) .ctors)
 .init_array    0x0000000000008dc0        0x8 /usr/lib/gcc/x86_64-pc-linux-gnu/15.1.1/crtbeginS.o
                [!provide]                        PROVIDE (__init_array_end = .)

.fini_array     0x0000000000008dc8        0x8
                [!provide]                        PROVIDE (__fini_array_start = .)
 *(SORT_BY_INIT_PRIORITY(.fini_array.*) SORT_BY_INIT_PRIORITY(.dtors.*))
 *(.fini_array EXCLUDE_FILE(*crtend?.o *crtend.o *crtbegin?.o *crtbegin.o) .dtors)
 .fini_array    0x0000000000008dc8        0x8 /usr/lib/gcc/x86_64-pc-linux-gnu/15.1.1/crtbeginS.o
                [!provide]                        PROVIDE (__fini_array_end = .)

.ctors
 *crtbegin.o(.ctors)
 *crtbegin?.o(.ctors)
 *(EXCLUDE_FILE(*crtend?.o *crtend.o) .ctors)
 *(SORT_BY_NAME(.ctors.*))
 *(.ctors)

.dtors
 *crtbegin.o(.dtors)
 *crtbegin?.o(.dtors)
 *(EXCLUDE_FILE(*crtend?.o *crtend.o) .dtors)
 *(SORT_BY_NAME(.dtors.*))
 *(.dtors)

.jcr
 *(.jcr)

.data.rel.ro    0x0000000000008dd0        0x0
 *(.data.rel.ro.local* .gnu.linkonce.d.rel.ro.local.*)
 *(.data.rel.ro .data.rel.ro.* .gnu.linkonce.d.rel.ro.*)
 .data.rel.ro   0x0000000000008dd0        0x0 /usr/lib/gcc/x86_64-pc-linux-gnu/15.1.1/../../../../lib/Scrt1.o

.dynamic        0x0000000000008dd0      0x1f0
 *(.dynamic)
 .dynamic       0x0000000000008dd0      0x1f0 /usr/lib/gcc/x86_64-pc-linux-gnu/15.1.1/../../../../lib/Scrt1.o
                0x0000000000008dd0                _DYNAMIC

.got            0x0000000000008fc0       0x28
 *(.got)
 .got           0x0000000000008fc0       0x28 /usr/lib/gcc/x86_64-pc-linux-gnu/15.1.1/../../../../lib/Scrt1.o
 *(.igot)
                0x0000000000008fe8                . = DATA_SEGMENT_RELRO_END (., (SIZEOF (.got.plt) >= 0x18)?0x18:0x0)

.got.plt        0x0000000000008fe8       0xa8
 *(.got.plt)
 .got.plt       0x0000000000008fe8       0xa8 /usr/lib/gcc/x86_64-pc-linux-gnu/15.1.1/../../../../lib/Scrt1.o
                0x0000000000008fe8                _GLOBAL_OFFSET_TABLE_
 *(.igot.plt)

.data           0x0000000000009090       0x10
 *(.data .data.* .gnu.linkonce.d.*)
 .data          0x0000000000009090        0x4 /usr/lib/gcc/x86_64-pc-linux-gnu/15.1.1/../../../../lib/Scrt1.o
                0x0000000000009090                data_start
                0x0000000000009090                __data_start
 .data          0x0000000000009094        0x0 /usr/lib/gcc/x86_64-pc-linux-gnu/15.1.1/../../../../lib/crti.o
 .data          0x0000000000009094        0x0 /usr/lib/gcc/x86_64-pc-linux-gnu/15.1.1/crtbeginS.o
 *fill*         0x0000000000009094        0x4 
 .data.rel.local
                0x0000000000009098        0x8 /usr/lib/gcc/x86_64-pc-linux-gnu/15.1.1/crtbeginS.o
                0x0000000000009098                __dso_handle
 .data          0x00000000000090a0        0x0 finite_field.o
 .data          0x00000000000090a0        0x0 polynomials.o
 .data          0x00000000000090a0        0x0 bch_encode.o
 .data          0x00000000000090a0        0x0 bch_tests.o
 .data          0x00000000000090a0        0x0 main.o
 .data          0x00000000000090a0        0x0 /usr/lib/gcc/x86_64-pc-linux-gnu/15.1.1/crtendS.o
 .data          0x00000000000090a0        0x0 /usr/lib/gcc/x86_64-pc-linux-gnu/15.1.1/../../../../lib/crtn.o

.tm_clone_table
                0x00000000000090a0        0x0
 .tm_clone_table
                0x00000000000090a0        0x0 /usr/lib/gcc/x86_64-pc-linux-gnu/15.1.1/crtbeginS.o
 .tm_clone_table
                0x00000000000090a0        0x0 /usr/lib/gcc/x86_64-pc-linux-gnu/15.1.1/crtendS.o

.data1
 *(.data1)
                0x00000000000090a0                _edata = .
                [!provide]                        PROVIDE (edata = .)
                0x00000000000090a0                . = ALIGN (ALIGNOF (NEXT_SECTION))
                0x00000000000090a0                __bss_start = .

.bss            0x00000000000090a0        0x8
 *(.dynbss)
 .dynbss        0x00000000000090a0        0x0 /usr/lib/gcc/x86_64-pc-linux-gnu/15.1.1/../../../../lib/Scrt1.o
 *(.bss .bss.* .gnu.linkonce.b.*)
 .bss           0x00000000000090a0        0x0 /usr/lib/gcc/x86_64-pc-linux-gnu/15.1.1/../../../../lib/Scrt1.o
 .bss           0x00000000000090a0        0x0 /usr/lib/gcc/x86_64-pc-linux-gnu/15.1.1/../../../../lib/crti.o
 .bss           0x00000000000090a0        0x1 /usr/lib/gcc/x86_64-pc-linux-gnu/15.1.1/crtbeginS.o
 .bss           0x00000000000090a1        0x0 finite_field.o
 .bss           0x00000000000090a1        0x0 polynomials.o
 .bss           0x00000000000090a1        0x0 bch_encode.o
 .bss           0x00000000000090a1        0x0 bch_tests.o
 .bss           0x00000000000090a1        0x0 main.o
 .bss           0x00000000000090a1        0x0 /usr/lib/gcc/x86_64-pc-linux-gnu/15.1.1/crtendS.o
 .bss           0x00000000000090a1        0x0 /usr/lib/gcc/x86_64-pc-linux-gnu/15.1.1/../../../../lib/crtn.o
 *(COMMON)
                0x00000000000090a8                . = ALIGN ((. != 0x0)?0x8:0x1)
 *fill*         0x00000000000090a1        0x7 

.lbss
 *(.dynlbss)
 *(.lbss .lbss.* .gnu.linkonce.lb.*)
 *(LARGE_COMMON)
                0x00000000000090a8                . = ALIGN (0x8)
                0x00000000000090a8                . = SEGMENT_START ("ldata-segment", .)

.lrodata
 *(.lrodata .lrodata.* .gnu.linkonce.lr.*)

.ldata          0x000000000000b0a8        0x0
 *(.ldata .ldata.* .gnu.linkonce.l.*)
                0x000000000000b0a8                . = ALIGN ((. != 0x0)?0x8:0x1)
                0x000000000000b0a8                . = ALIGN (0x8)
                0x00000000000090a8                _end = .
                [!provide]                        PROVIDE (end = .)
                0x000000000000b0a8                . = DATA_SEGMENT_END (.)

.stab
 *(.stab)

.stabstr
 *(.stabstr)

.stab.excl
 *(.stab.excl)

.stab.exclstr
 *(.stab.exclstr)

.stab.index
 *(.stab.index)

.stab.indexstr
 *(.stab.indexstr)

.comment        0x0000000000000000       0x1b
 *(.comment)
 .comment       0x0000000000000000       0x1b /usr/lib/gcc/x86_64-pc-linux-gnu/15.1.1/../../../../lib/Scrt1.o
                                         0x38 (size before relaxing)
 .comment       0x000000000000001b       0x1c /usr/lib/gcc/x86_64-pc-linux-gnu/15.1.1/crtbeginS.o
 .comment       0x000000000000001b       0x1c finite_field.o
 .comment       0x000000000000001b       0x1c polynomials.o
 .comment       0x000000000000001b       0x1c bch_encode.o
 .comment       0x000000000000001b       0x1c bch_tests.o
 .comment       0x000000000000001b       0x1c main.o
 .comment       0x000000000000001b       0x1c /usr/lib/gcc/x86_64-pc-linux-gnu/15.1.1/crtendS.o

.gnu.build.attributes
 *(.gnu.build.attributes .gnu.build.attributes.*)

.debug
 *(.debug)

.line
 *(.line)

.debug_srcinfo
 *(.debug_srcinfo)

.debug_sfnames
 *(.debug_sfnames)

.debug_aranges
 *(.debug_aranges)

.debug_pubnames
 *(.debug_pubnames)

.debug_info
 *(.debug_info .gnu.linkonce.wi.*)

.debug_abbrev
 *(.debug_abbrev)

.debug_line
 *(.debug_line .debug_line.* .debug_line_end)

.debug_frame
 *(.debug_frame)

.debug_str
 *(.debug_str)

.debug_loc
 *(.debug_loc)

.debug_macinfo
 *(.debug_macinfo)

.debug_weaknames
 *(.debug_weaknames)

.debug_funcnames
 *(.debug_funcnames)

.debug_typenames
 *(.debug_typenames)

.debug_varnames
 *(.debug_varnames)

.debug_pubtypes
 *(.debug_pubtypes)

.debug_ranges
 *(.debug_ranges)

.debug_addr
 *(.debug_addr)

.debug_line_str
 *(.debug_line_str)

.debug_loclists
 *(.debug_loclists)

.debug_macro
 *(.debug_macro)

.debug_names
 *(.debug_names)

.debug_rnglists
 *(.debug_rnglists)

.debug_str_offsets
 *(.debug_str_offsets)

.debug_sup
 *(.debug_sup)

.gnu.attributes
 *(.gnu.attributes)

/DISCARD/
 *(.note.GNU-stack)
 *(.gnu_debuglink)
 *(.gnu.lto_*)
 *(.gnu_object_only)
OUTPUT(my_program elf64-x86-64)
